<nodent> at test/lexer-comment.xra:2:1
<identifier LineEnding> at test/lexer-comment.xra:2:11
<indent> at test/lexer-comment.xra:3:3
<identifier AndAnother> at test/lexer-comment.xra:3:13
<dedent> at test/lexer-comment.xra:5:1
<nodent> at test/lexer-comment.xra:5:1
<identifier ThenMore> at test/lexer-comment.xra:5:9
<identifier Stuff> at test/lexer-comment.xra:6:26
<indent> at test/lexer-comment.xra:7:3
<identifier AndThen> at test/lexer-comment.xra:7:10
<identifier AndWin> at test/lexer-comment.xra:7:57
<dedent> at test/lexer-comment.xra:8:1
<eof> at test/lexer-comment.xra:8:1
